­ƒº¬ Testing Ollama Integration

ÔòÉÔòÉÔòÉÔòÉÔòÉÔòÉÔòÉÔòÉÔòÉÔòÉÔòÉÔòÉÔòÉÔòÉÔòÉÔòÉÔòÉÔòÉÔòÉÔòÉÔòÉÔòÉÔòÉÔòÉÔòÉÔòÉÔòÉÔòÉÔòÉÔòÉÔòÉÔòÉÔòÉÔòÉÔòÉÔòÉÔòÉÔòÉÔòÉÔòÉÔòÉÔòÉÔòÉÔòÉÔòÉÔòÉÔòÉÔòÉÔòÉÔòÉÔòÉ

1´©ÅÔâú  Checking Ollama availability...
   Ô£à Ollama ready with model: qwen2.5:7b-instruct

2´©ÅÔâú  Testing source scraping...
   URL: https://www.dezeen.com/2021/04/19/muuto-fiber-lounge-chair-nature-edition-design/
  ÔÜá´©Å  Scrape failed for https://www.dezeen.com/2021/04/19/muuto-fiber-lounge-chair-nature-edition-design/: HTTP 404
   ÔÜá´©Å  Scraping failed (this is okay, will use fallback)

3´©ÅÔâú  Testing AI semantic enrichment...
   Product: Fiber Lounge Chair by Muuto
   ÔÅ▒´©Å  Enrichment took 10907ms
   Source: ai
   Result:
     - Object type: chair
     - Category: furniture
     - Materials: null
     - Keywords: fiber, lounge, muuto, copenhagen, 2021
     - Description: Fiber lounge chair designed by Muuto in 2021.

4´©ÅÔâú  Testing embedding text generation...
   Generated 324 characters:
   ÔöÇÔöÇÔöÇÔöÇÔöÇÔöÇÔöÇÔöÇÔöÇÔöÇÔöÇÔöÇÔöÇÔöÇÔöÇÔöÇÔöÇÔöÇÔöÇÔöÇÔöÇÔöÇÔöÇÔöÇÔöÇÔöÇÔöÇÔöÇÔöÇÔöÇÔöÇÔöÇÔöÇÔöÇÔöÇ
   [PRODUCT IMAGE]
   Object type: chair
   Category: furniture
   Materials: unknown
   Keywords: fiber, lounge, muuto, copenhagen, 2021
   Description: Fiber lounge chair designed by Muuto in 2021.
   Product name: Fiber Lounge Chair
   Designer: Muuto
   City: Copenhagen
   Year: 2021
   Image index: 1 of 3
   View: primary view
   Platform: Acceso moodboard
   ÔöÇÔöÇÔöÇÔöÇÔöÇÔöÇÔöÇÔöÇÔöÇÔöÇÔöÇÔöÇÔöÇÔöÇÔöÇÔöÇÔöÇÔöÇÔöÇÔöÇÔöÇÔöÇÔöÇÔöÇÔöÇÔöÇÔöÇÔöÇÔöÇÔöÇÔöÇÔöÇÔöÇÔöÇÔöÇ

ÔòÉÔòÉÔòÉÔòÉÔòÉÔòÉÔòÉÔòÉÔòÉÔòÉÔòÉÔòÉÔòÉÔòÉÔòÉÔòÉÔòÉÔòÉÔòÉÔòÉÔòÉÔòÉÔòÉÔòÉÔòÉÔòÉÔòÉÔòÉÔòÉÔòÉÔòÉÔòÉÔòÉÔòÉÔòÉÔòÉÔòÉÔòÉÔòÉÔòÉÔòÉÔòÉÔòÉÔòÉÔòÉÔòÉÔòÉÔòÉÔòÉÔòÉÔòÉ
Ô£à All tests passed! Ollama integration is working.
ÔòÉÔòÉÔòÉÔòÉÔòÉÔòÉÔòÉÔòÉÔòÉÔòÉÔòÉÔòÉÔòÉÔòÉÔòÉÔòÉÔòÉÔòÉÔòÉÔòÉÔòÉÔòÉÔòÉÔòÉÔòÉÔòÉÔòÉÔòÉÔòÉÔòÉÔòÉÔòÉÔòÉÔòÉÔòÉÔòÉÔòÉÔòÉÔòÉÔòÉÔòÉÔòÉÔòÉÔòÉÔòÉÔòÉÔòÉÔòÉÔòÉÔòÉÔòÉ

­ƒôî Next steps:
   npm run migrate:moodboard    # Run full migration with AI
   npm run migrate:moodboard:no-ai  # Run without AI (fallback only)
